print "Number system: \n\n";
 use strict; 
 my @num = ('zero', "one", "two", "three", 
       qw(four five six seven eight nine), 'ten'); 
 for (my $i = 0; $i < 10; $i++) {
print "    Number ";
print  $i ;
print " is ";
print  $num[$i] ;
print ". \n";
 }
