Number system: 

    Number 0 is zero. 
    Number 1 is one. 
    Number 2 is two. 
    Number 3 is three. 
    Number 4 is four. 
    Number 5 is five. 
    Number 6 is six. 
    Number 7 is seven. 
    Number 8 is eight. 
    Number 9 is nine. 
